<?xml version="1.0" encoding="UTF-8"?>
<testsuites name="jest tests" tests="2" failures="0" time="3.263">
  <testsuite name="undefined" errors="0" failures="0" skipped="0" timestamp="2020-09-09T20:19:40" time="2.149" tests="2">
    <testcase classname=" initial UI is rendered as expected" name=" initial UI is rendered as expected" time="0.044">
    </testcase>
    <testcase classname=" search button searches the result" name=" search button searches the result" time="0.051">
    </testcase>
  </testsuite>
</testsuites>